/home/ros2_stretch/.local/lib/python3.10/site-packages/pandas/core/computation/expressions.py:21: UserWarning: Pandas requires version '2.8.4' or newer of 'numexpr' (version '2.8.1' currently installed).
  from pandas.core.computation.check import NUMEXPR_INSTALLED
/home/ros2_stretch/.local/lib/python3.10/site-packages/pandas/core/arrays/masked.py:61: UserWarning: Pandas requires version '1.3.6' or newer of 'bottleneck' (version '1.3.2' currently installed).
  from pandas.core import (
  [inference] Loaded: K=2, α=0.3, ec=0.9, c_dim=1573, scoring=cosine, clusters=8
Resetting zs_weight /home/ros2_stretch/Detic/datasets/metadata/lvis-21k_clip_a+cname.npy
DETIC 21K loaded: 20352 classes.
W0519 15:13:55.891000 2812327 torch/fx/_symbolic_trace.py:53] is_fx_tracing will return true for both fx.symbolic_trace and torch.export. Please use is_fx_tracing_symbolic_tracing() for specifically fx.symbolic_trace or torch.compiler.is_compiling() for specifically torch.export/compile.
Traceback (most recent call last):
  File "/home/ros2_stretch/ament_ws/install/stretch_drawer_pipeline/lib/stretch_drawer_pipeline/scene_graph_node.py", line 1221, in <module>
    main()
  File "/home/ros2_stretch/ament_ws/install/stretch_drawer_pipeline/lib/stretch_drawer_pipeline/scene_graph_node.py", line 1216, in main
    node.destroy_node()
  File "/opt/ros/humble/local/lib/python3.10/dist-packages/rclpy/node.py", line 1685, in destroy_node
    self.destroy_publisher(self._publishers[0])
  File "/opt/ros/humble/local/lib/python3.10/dist-packages/rclpy/node.py", line 1565, in destroy_publisher
    publisher.destroy()
  File "/opt/ros/humble/local/lib/python3.10/dist-packages/rclpy/publisher.py", line 98, in destroy
    handler.destroy()
  File "/opt/ros/humble/local/lib/python3.10/dist-packages/rclpy/qos_event.py", line 126, in destroy
    self.__event.destroy_when_not_in_use()
KeyboardInterrupt
